[INFO] Scanning for projects...
[INFO] 
[INFO] --------------------< com.litemonitor:lite-monitor >--------------------
[INFO] Building lite-monitor 0.0.1-SNAPSHOT
[INFO]   from pom.xml
[INFO] --------------------------------[ jar ]---------------------------------
[WARNING] The artifact mysql:mysql-connector-java:jar:8.0.33 has been relocated to com.mysql:mysql-connector-j:jar:8.0.33: MySQL Connector/J artifacts moved to reverse-DNS compliant Maven 2+ coordinates.
[INFO] 
[INFO] --- clean:3.2.0:clean (default-clean) @ lite-monitor ---
[INFO] Deleting C:\Users\zzh\Desktop\anti\demo\target
[INFO] 
[INFO] --- resources:3.2.0:resources (default-resources) @ lite-monitor ---
[INFO] Using 'UTF-8' encoding to copy filtered resources.
[INFO] Using 'UTF-8' encoding to copy filtered properties files.
[INFO] Copying 1 resource
[INFO] Copying 6 resources
[INFO] 
[INFO] --- compiler:3.10.1:compile (default-compile) @ lite-monitor ---
[INFO] Changes detected - recompiling the module!
[INFO] Compiling 61 source files to C:\Users\zzh\Desktop\anti\demo\target\classes
[INFO] -------------------------------------------------------------
[ERROR] COMPILATION ERROR : 
[INFO] -------------------------------------------------------------
[ERROR] /C:/Users/zzh/Desktop/anti/demo/src/main/java/com/litemonitor/module/metrics/entity/MetricsSnapshot.java:[16,10] 编码 UTF-8 的不可映射字符 (0xE4BD)
[ERROR] /C:/Users/zzh/Desktop/anti/demo/src/main/java/com/litemonitor/module/metrics/entity/MetricsSnapshot.java:[16,12] 编码 UTF-8 的不可映射字符 (0xE280)
[ERROR] /C:/Users/zzh/Desktop/anti/demo/src/main/java/com/litemonitor/module/metrics/entity/MetricsSnapshot.java:[16,34] 编码 UTF-8 的不可映射字符 (0xE5BD)
[ERROR] /C:/Users/zzh/Desktop/anti/demo/src/main/java/com/litemonitor/module/metrics/entity/MetricsSnapshot.java:[27,11] 编码 UTF-8 的不可映射字符 (0xE7AB)
[ERROR] /C:/Users/zzh/Desktop/anti/demo/src/main/java/com/litemonitor/module/metrics/entity/MetricsSnapshot.java:[30,11] 编码 UTF-8 的不可映射字符 (0xE590)
[ERROR] /C:/Users/zzh/Desktop/anti/demo/src/main/java/com/litemonitor/module/metrics/entity/MetricsSnapshot.java:[48,15] 编码 UTF-8 的不可映射字符 (0xE78E)
[ERROR] /C:/Users/zzh/Desktop/anti/demo/src/main/java/com/litemonitor/module/metrics/entity/MetricsSnapshot.java:[48,18] 编码 UTF-8 的不可映射字符 (0xE5A6)
[ERROR] /C:/Users/zzh/Desktop/anti/demo/src/main/java/com/litemonitor/module/metrics/entity/MetricsSnapshot.java:[51,15] 编码 UTF-8 的不可映射字符 (0xE695)
[ERROR] /C:/Users/zzh/Desktop/anti/demo/src/main/java/com/litemonitor/module/metrics/entity/MetricsSnapshot.java:[81,13] 编码 UTF-8 的不可映射字符 (0xE987)
[ERROR] /C:/Users/zzh/Desktop/anti/demo/src/main/java/com/litemonitor/module/metrics/entity/MetricsSnapshot.java:[90,21] 编码 UTF-8 的不可映射字符 (0xE4B8)
[ERROR] /C:/Users/zzh/Desktop/anti/demo/src/main/java/com/litemonitor/module/metrics/entity/MetricsSnapshot.java:[93,19] 编码 UTF-8 的不可映射字符 (0xE688)
[ERROR] /C:/Users/zzh/Desktop/anti/demo/src/main/java/com/litemonitor/module/metrics/entity/MetricsSnapshot.java:[99,21] 编码 UTF-8 的不可映射字符 (0xE4BA)
[ERROR] /C:/Users/zzh/Desktop/anti/demo/src/main/java/com/litemonitor/module/metrics/entity/MetricsSnapshot.java:[99,35] 编码 UTF-8 的不可映射字符 (0xE59B)
[ERROR] /C:/Users/zzh/Desktop/anti/demo/src/main/java/com/litemonitor/engine/model/LogContext.java:[9,8] 编码 UTF-8 的不可映射字符 (0xE696)
[ERROR] /C:/Users/zzh/Desktop/anti/demo/src/main/java/com/litemonitor/engine/model/LogContext.java:[9,10] 编码 UTF-8 的不可映射字符 (0xE280)
[ERROR] /C:/Users/zzh/Desktop/anti/demo/src/main/java/com/litemonitor/engine/model/LogContext.java:[16,13] 编码 UTF-8 的不可映射字符 (0xE7AB)
[ERROR] /C:/Users/zzh/Desktop/anti/demo/src/main/java/com/litemonitor/engine/model/LogContext.java:[24,19] 编码 UTF-8 的不可映射字符 (0xE688)
[ERROR] /C:/Users/zzh/Desktop/anti/demo/src/main/java/com/litemonitor/module/loghit/controller/LogHitController.java:[28,26] 编码 UTF-8 的不可映射字符 (0xE68C)
[ERROR] /C:/Users/zzh/Desktop/anti/demo/src/main/java/com/litemonitor/module/loghit/controller/LogHitController.java:[29,30] 编码 UTF-8 的不可映射字符 (0xE6BB)
[ERROR] /C:/Users/zzh/Desktop/anti/demo/src/main/java/com/litemonitor/module/loghit/controller/LogHitController.java:[30,41] 编码 UTF-8 的不可映射字符 (0xE5A4)
[ERROR] /C:/Users/zzh/Desktop/anti/demo/src/main/java/com/litemonitor/module/loghit/controller/LogHitController.java:[47,38] 编码 UTF-8 的不可映射字符 (0xE59C)
[ERROR] /C:/Users/zzh/Desktop/anti/demo/src/main/java/com/litemonitor/common/enums/HealthStatus.java:[4,12] 编码 UTF-8 的不可映射字符 (0xE4B8)
[ERROR] /C:/Users/zzh/Desktop/anti/demo/src/main/java/com/litemonitor/websocket/protocol/MessageDispatcher.java:[22,8] 编码 UTF-8 的不可映射字符 (0xE599)
[ERROR] /C:/Users/zzh/Desktop/anti/demo/src/main/java/com/litemonitor/websocket/protocol/MessageDispatcher.java:[22,10] 编码 UTF-8 的不可映射字符 (0xE280)
[ERROR] /C:/Users/zzh/Desktop/anti/demo/src/main/java/com/litemonitor/websocket/protocol/MessageDispatcher.java:[95,23] 编码 UTF-8 的不可映射字符 (0xE785)
[ERROR] /C:/Users/zzh/Desktop/anti/demo/src/main/java/com/litemonitor/websocket/protocol/MessageDispatcher.java:[98,37] 编码 UTF-8 的不可映射字符 (0xE4BC)
[ERROR] /C:/Users/zzh/Desktop/anti/demo/src/main/java/com/litemonitor/websocket/protocol/MessageDispatcher.java:[105,36] 编码 UTF-8 的不可映射字符 (0xE696)
[ERROR] /C:/Users/zzh/Desktop/anti/demo/src/main/java/com/litemonitor/websocket/protocol/MessageDispatcher.java:[116,23] 编码 UTF-8 的不可映射字符 (0xE5A6)
[ERROR] /C:/Users/zzh/Desktop/anti/demo/src/main/java/com/litemonitor/websocket/protocol/MessageDispatcher.java:[116,31] 编码 UTF-8 的不可映射字符 (0xE4B8)
[ERROR] /C:/Users/zzh/Desktop/anti/demo/src/main/java/com/litemonitor/websocket/protocol/MessageDispatcher.java:[131,21] 编码 UTF-8 的不可映射字符 (0xE696)
[ERROR] /C:/Users/zzh/Desktop/anti/demo/src/main/java/com/litemonitor/websocket/protocol/MessageDispatcher.java:[140,19] 编码 UTF-8 的不可映射字符 (0xE993)
[ERROR] /C:/Users/zzh/Desktop/anti/demo/src/main/java/com/litemonitor/websocket/protocol/MessageDispatcher.java:[143,21] 编码 UTF-8 的不可映射字符 (0xE588)
[ERROR] /C:/Users/zzh/Desktop/anti/demo/src/main/java/com/litemonitor/websocket/protocol/MessageDispatcher.java:[143,32] 编码 UTF-8 的不可映射字符 (0xEFBC)
[ERROR] /C:/Users/zzh/Desktop/anti/demo/src/main/java/com/litemonitor/websocket/protocol/MessageDispatcher.java:[146,22] 编码 UTF-8 的不可映射字符 (0xE5BA)
[ERROR] /C:/Users/zzh/Desktop/anti/demo/src/main/java/com/litemonitor/websocket/protocol/MessageDispatcher.java:[162,8] 编码 UTF-8 的不可映射字符 (0xE590)
[ERROR] /C:/Users/zzh/Desktop/anti/demo/src/main/java/com/litemonitor/module/metrics/entity/DiskPartition.java:[12,10] 编码 UTF-8 的不可映射字符 (0xE4BD)
[ERROR] /C:/Users/zzh/Desktop/anti/demo/src/main/java/com/litemonitor/module/metrics/entity/DiskPartition.java:[26,11] 编码 UTF-8 的不可映射字符 (0xE782)
[ERROR] /C:/Users/zzh/Desktop/anti/demo/src/main/java/com/litemonitor/module/metrics/entity/DiskPartition.java:[29,13] 编码 UTF-8 的不可映射字符 (0xE987)
[ERROR] /C:/Users/zzh/Desktop/anti/demo/src/main/java/com/litemonitor/engine/filter/CriticalRuleFilter.java:[11,7] 编码 UTF-8 的不可映射字符 (0xE286)
[ERROR] /C:/Users/zzh/Desktop/anti/demo/src/main/java/com/litemonitor/engine/filter/CriticalRuleFilter.java:[11,21] 编码 UTF-8 的不可映射字符 (0xE8AD)
[ERROR] /C:/Users/zzh/Desktop/anti/demo/src/main/java/com/litemonitor/engine/filter/CriticalRuleFilter.java:[11,25] 编码 UTF-8 的不可映射字符 (0xEFBC)
[ERROR] /C:/Users/zzh/Desktop/anti/demo/src/main/java/com/litemonitor/engine/filter/CriticalRuleFilter.java:[28,43] 编码 UTF-8 的不可映射字符 (0xE588)
[ERROR] /C:/Users/zzh/Desktop/anti/demo/src/main/java/com/litemonitor/module/rule/controller/FilterRuleController.java:[23,14] 编码 UTF-8 的不可映射字符 (0xE588)
[ERROR] /C:/Users/zzh/Desktop/anti/demo/src/main/java/com/litemonitor/module/rule/controller/FilterRuleController.java:[57,17] 编码 UTF-8 的不可映射字符 (0xE5BB)
[ERROR] /C:/Users/zzh/Desktop/anti/demo/src/main/java/com/litemonitor/module/rule/controller/FilterRuleController.java:[61,38] 编码 UTF-8 的不可映射字符 (0xE688)
[ERROR] /C:/Users/zzh/Desktop/anti/demo/src/main/java/com/litemonitor/common/enums/LogLevel.java:[7,13] 编码 UTF-8 的不可映射字符 (0xE4B8)
[ERROR] /C:/Users/zzh/Desktop/anti/demo/src/main/java/com/litemonitor/common/enums/LogLevel.java:[7,15] 编码 UTF-8 的不可映射字符 (0xE280)
[ERROR] /C:/Users/zzh/Desktop/anti/demo/src/main/java/com/litemonitor/common/enums/LogLevel.java:[9,16] 编码 UTF-8 的不可映射字符 (0xE280)
[ERROR] /C:/Users/zzh/Desktop/anti/demo/src/main/java/com/litemonitor/common/enums/LogLevel.java:[11,16] 编码 UTF-8 的不可映射字符 (0xE280)
[ERROR] /C:/Users/zzh/Desktop/anti/demo/src/main/java/com/litemonitor/common/enums/LogLevel.java:[13,13] 编码 UTF-8 的不可映射字符 (0xE4B8)
[ERROR] /C:/Users/zzh/Desktop/anti/demo/src/main/java/com/litemonitor/common/enums/LogLevel.java:[13,15] 编码 UTF-8 的不可映射字符 (0xE280)
[ERROR] /C:/Users/zzh/Desktop/anti/demo/src/main/java/com/litemonitor/common/enums/LogLevel.java:[13,20] 编码 UTF-8 的不可映射字符 (0xE5BF)
[ERROR] /C:/Users/zzh/Desktop/anti/demo/src/main/java/com/litemonitor/engine/filter/LogFilterChain.java:[11,11] 编码 UTF-8 的不可映射字符 (0xE280)
[ERROR] /C:/Users/zzh/Desktop/anti/demo/src/main/java/com/litemonitor/engine/filter/LogFilterChain.java:[11,13] 编码 UTF-8 的不可映射字符 (0xE68C)
[ERROR] /C:/Users/zzh/Desktop/anti/demo/src/main/java/com/litemonitor/engine/filter/LogFilterChain.java:[11,27] 编码 UTF-8 的不可映射字符 (0xE8A1)
[ERROR] /C:/Users/zzh/Desktop/anti/demo/src/main/java/com/litemonitor/engine/filter/LogFilterChain.java:[13,8] 编码 UTF-8 的不可映射字符 (0xE79A)
[ERROR] /C:/Users/zzh/Desktop/anti/demo/src/main/java/com/litemonitor/engine/filter/LogFilterChain.java:[13,39] 编码 UTF-8 的不可映射字符 (0xE380)
[ERROR] /C:/Users/zzh/Desktop/anti/demo/src/main/java/com/litemonitor/module/loghit/service/LogHitService.java:[29,54] 编码 UTF-8 的不可映射字符 (0xE592)
[ERROR] /C:/Users/zzh/Desktop/anti/demo/src/main/java/com/litemonitor/module/loghit/service/LogHitService.java:[55,39] 编码 UTF-8 的不可映射字符 (0xE5BA)
[ERROR] /C:/Users/zzh/Desktop/anti/demo/src/main/java/com/litemonitor/module/loghit/service/LogHitService.java:[63,16] 编码 UTF-8 的不可映射字符 (0xE68C)
[ERROR] /C:/Users/zzh/Desktop/anti/demo/src/main/java/com/litemonitor/module/loghit/service/LogHitService.java:[63,34] 编码 UTF-8 的不可映射字符 (0xEFBC)
[ERROR] /C:/Users/zzh/Desktop/anti/demo/src/main/java/com/litemonitor/module/loghit/service/LogHitService.java:[87,16] 编码 UTF-8 的不可映射字符 (0xE987)
[ERROR] /C:/Users/zzh/Desktop/anti/demo/src/main/java/com/litemonitor/common/enums/CommandAction.java:[4,11] 编码 UTF-8 的不可映射字符 (0xE286)
[ERROR] /C:/Users/zzh/Desktop/anti/demo/src/main/java/com/litemonitor/common/enums/CommandAction.java:[19,18] 编码 UTF-8 的不可映射字符 (0xE4BB)
[ERROR] /C:/Users/zzh/Desktop/anti/demo/src/main/java/com/litemonitor/config/EngineConfig.java:[81,46] 编码 UTF-8 的不可映射字符 (0xE8BF)
[ERROR] /C:/Users/zzh/Desktop/anti/demo/src/main/java/com/litemonitor/module/alert/service/AlertRuleService.java:[24,10] 编码 UTF-8 的不可映射字符 (0xE69F)
[ERROR] /C:/Users/zzh/Desktop/anti/demo/src/main/java/com/litemonitor/module/alert/service/AlertRuleService.java:[24,31] 编码 UTF-8 的不可映射字符 (0xEFBC)
[ERROR] /C:/Users/zzh/Desktop/anti/demo/src/main/java/com/litemonitor/module/alert/service/AlertRuleService.java:[44,10] 编码 UTF-8 的不可映射字符 (0xE69F)
[ERROR] /C:/Users/zzh/Desktop/anti/demo/src/main/java/com/litemonitor/module/alert/service/AlertRuleService.java:[44,28] 编码 UTF-8 的不可映射字符 (0xEFBC)
[ERROR] /C:/Users/zzh/Desktop/anti/demo/src/main/java/com/litemonitor/engine/filter/BasicFeatureFilter.java:[9,14] 编码 UTF-8 的不可映射字符 (0xE599)
[ERROR] /C:/Users/zzh/Desktop/anti/demo/src/main/java/com/litemonitor/engine/filter/BasicFeatureFilter.java:[11,36] 编码 UTF-8 的不可映射字符 (0xE380)
[ERROR] /C:/Users/zzh/Desktop/anti/demo/src/main/java/com/litemonitor/engine/filter/BasicFeatureFilter.java:[12,7] 编码 UTF-8 的不可映射字符 (0xE286)
[ERROR] /C:/Users/zzh/Desktop/anti/demo/src/main/java/com/litemonitor/engine/filter/BasicFeatureFilter.java:[12,34] 编码 UTF-8 的不可映射字符 (0xE8AD)
[ERROR] /C:/Users/zzh/Desktop/anti/demo/src/main/java/com/litemonitor/engine/filter/BasicFeatureFilter.java:[12,38] 编码 UTF-8 的不可映射字符 (0xEFBC)
[ERROR] /C:/Users/zzh/Desktop/anti/demo/src/main/java/com/litemonitor/common/exception/GlobalExceptionHandler.java:[9,10] 编码 UTF-8 的不可映射字符 (0xE599)
[ERROR] /C:/Users/zzh/Desktop/anti/demo/src/main/java/com/litemonitor/common/exception/GlobalExceptionHandler.java:[10,33] 编码 UTF-8 的不可映射字符 (0xE79A)
[ERROR] /C:/Users/zzh/Desktop/anti/demo/src/main/java/com/litemonitor/common/exception/GlobalExceptionHandler.java:[10,49] 编码 UTF-8 的不可映射字符 (0xE380)
[ERROR] /C:/Users/zzh/Desktop/anti/demo/src/main/java/com/litemonitor/common/exception/GlobalExceptionHandler.java:[21,30] 编码 UTF-8 的不可映射字符 (0xE5B8)
[ERROR] /C:/Users/zzh/Desktop/anti/demo/src/main/java/com/litemonitor/module/command/controller/RemoteCommandController.java:[25,17] 编码 UTF-8 的不可映射字符 (0xEFBC)
[ERROR] /C:/Users/zzh/Desktop/anti/demo/src/main/java/com/litemonitor/module/command/controller/RemoteCommandController.java:[26,20] 编码 UTF-8 的不可映射字符 (0xE588)
[ERROR] /C:/Users/zzh/Desktop/anti/demo/src/main/java/com/litemonitor/module/command/controller/RemoteCommandController.java:[43,16] 编码 UTF-8 的不可映射字符 (0xE980)
[ERROR] /C:/Users/zzh/Desktop/anti/demo/src/main/java/com/litemonitor/module/command/controller/RemoteCommandController.java:[43,28] 编码 UTF-8 的不可映射字符 (0xEFBC)
[ERROR] /C:/Users/zzh/Desktop/anti/demo/src/main/java/com/litemonitor/module/command/controller/RemoteCommandController.java:[57,40] 编码 UTF-8 的不可映射字符 (0xE59C)
[ERROR] /C:/Users/zzh/Desktop/anti/demo/src/main/java/com/litemonitor/module/rule/service/FilterRuleService.java:[16,17] 编码 UTF-8 的不可映射字符 (0xE280)
[ERROR] /C:/Users/zzh/Desktop/anti/demo/src/main/java/com/litemonitor/module/rule/service/FilterRuleService.java:[16,30] 编码 UTF-8 的不可映射字符 (0xE8BD)
[ERROR] /C:/Users/zzh/Desktop/anti/demo/src/main/java/com/litemonitor/module/rule/service/FilterRuleService.java:[18,12] 编码 UTF-8 的不可映射字符 (0xE58F)
[ERROR] /C:/Users/zzh/Desktop/anti/demo/src/main/java/com/litemonitor/module/rule/service/FilterRuleService.java:[18,19] 编码 UTF-8 的不可映射字符 (0xE69C)
[ERROR] /C:/Users/zzh/Desktop/anti/demo/src/main/java/com/litemonitor/module/rule/service/FilterRuleService.java:[18,30] 编码 UTF-8 的不可映射字符 (0xE380)
[ERROR] /C:/Users/zzh/Desktop/anti/demo/src/main/java/com/litemonitor/module/rule/service/FilterRuleService.java:[26,8] 编码 UTF-8 的不可映射字符 (0xE794)
[ERROR] /C:/Users/zzh/Desktop/anti/demo/src/main/java/com/litemonitor/module/rule/service/FilterRuleService.java:[26,30] 编码 UTF-8 的不可映射字符 (0xE794)
[ERROR] /C:/Users/zzh/Desktop/anti/demo/src/main/java/com/litemonitor/module/rule/service/FilterRuleService.java:[50,13] 编码 UTF-8 的不可映射字符 (0xE588)
[ERROR] /C:/Users/zzh/Desktop/anti/demo/src/main/java/com/litemonitor/module/rule/service/FilterRuleService.java:[97,16] 编码 UTF-8 的不可映射字符 (0xE280)
[ERROR] /C:/Users/zzh/Desktop/anti/demo/src/main/java/com/litemonitor/module/rule/service/FilterRuleService.java:[97,24] 编码 UTF-8 的不可映射字符 (0xE794)
[ERROR] /C:/Users/zzh/Desktop/anti/demo/src/main/java/com/litemonitor/module/rule/service/FilterRuleService.java:[101,20] 编码 UTF-8 的不可映射字符 (0xE6B3)
[ERROR] /C:/Users/zzh/Desktop/anti/demo/src/main/java/com/litemonitor/module/rule/service/FilterRuleService.java:[101,27] 编码 UTF-8 的不可映射字符 (0xE69C)
[ERROR] /C:/Users/zzh/Desktop/anti/demo/src/main/java/com/litemonitor/module/rule/service/FilterRuleService.java:[110,26] 编码 UTF-8 的不可映射字符 (0xE69C)
[ERROR] /C:/Users/zzh/Desktop/anti/demo/src/main/java/com/litemonitor/module/rule/service/FilterRuleService.java:[119,28] 编码 UTF-8 的不可映射字符 (0xE69C)
[ERROR] /C:/Users/zzh/Desktop/anti/demo/src/main/java/com/litemonitor/module/rule/service/FilterRuleService.java:[138,43] 编码 UTF-8 的不可映射字符 (0xE688)
[ERROR] /C:/Users/zzh/Desktop/anti/demo/src/main/java/com/litemonitor/module/rule/service/FilterRuleService.java:[140,44] 编码 UTF-8 的不可映射字符 (0xE8B4)
[ERROR] /C:/Users/zzh/Desktop/anti/demo/src/main/java/com/litemonitor/module/metrics/entity/ProcessStatus.java:[29,10] 编码 UTF-8 的不可映射字符 (0xE680)
[ERROR] /C:/Users/zzh/Desktop/anti/demo/src/main/java/com/litemonitor/engine/filter/CriticalRuleFilter.java:[28,38] 未结束的字符串文字
[ERROR] /C:/Users/zzh/Desktop/anti/demo/src/main/java/com/litemonitor/module/rule/controller/FilterRuleController.java:[61,31] 未结束的字符串文字
[ERROR] /C:/Users/zzh/Desktop/anti/demo/src/main/java/com/litemonitor/module/rule/service/FilterRuleService.java:[138,22] 未结束的字符串文字
[ERROR] /C:/Users/zzh/Desktop/anti/demo/src/main/java/com/litemonitor/module/rule/service/FilterRuleService.java:[140,23] 未结束的字符串文字
[ERROR] /C:/Users/zzh/Desktop/anti/demo/src/main/java/com/litemonitor/websocket/handler/AgentWebSocketHandler.java:[67,22] 未结束的字符串文字
[ERROR] /C:/Users/zzh/Desktop/anti/demo/src/main/java/com/litemonitor/websocket/handler/AgentWebSocketHandler.java:[80,22] 未结束的字符串文字
[ERROR] /C:/Users/zzh/Desktop/anti/demo/src/main/java/com/litemonitor/module/command/service/RemoteCommandService.java:[95,32] 未结束的字符串文字
[ERROR] /C:/Users/zzh/Desktop/anti/demo/src/main/java/com/litemonitor/monitor/alert/AlertService.java:[46,64] 未结束的字符串文字
[ERROR] /C:/Users/zzh/Desktop/anti/demo/src/main/java/com/litemonitor/monitor/alert/AlertService.java:[298,27] 未结束的字符串文字
[ERROR] /C:/Users/zzh/Desktop/anti/demo/src/main/java/com/litemonitor/monitor/health/HealthEvaluator.java:[91,29] 未结束的字符串文字
[ERROR] /C:/Users/zzh/Desktop/anti/demo/src/main/java/com/litemonitor/monitor/health/HealthEvaluator.java:[113,29] 未结束的字符串文字
[INFO] 111 errors 
[INFO] -------------------------------------------------------------
[INFO] ------------------------------------------------------------------------
[INFO] BUILD FAILURE
[INFO] ------------------------------------------------------------------------
[INFO] Total time:  3.949 s
[INFO] Finished at: 2026-03-06T12:36:33+08:00
[INFO] ------------------------------------------------------------------------
[ERROR] Failed to execute goal org.apache.maven.plugins:maven-compiler-plugin:3.10.1:compile (default-compile) on project lite-monitor: Compilation failure: Compilation failure: 
[ERROR] /C:/Users/zzh/Desktop/anti/demo/src/main/java/com/litemonitor/module/metrics/entity/MetricsSnapshot.java:[16,10] 编码 UTF-8 的不可映射字符 (0xE4BD)
[ERROR] /C:/Users/zzh/Desktop/anti/demo/src/main/java/com/litemonitor/module/metrics/entity/MetricsSnapshot.java:[16,12] 编码 UTF-8 的不可映射字符 (0xE280)
[ERROR] /C:/Users/zzh/Desktop/anti/demo/src/main/java/com/litemonitor/module/metrics/entity/MetricsSnapshot.java:[16,34] 编码 UTF-8 的不可映射字符 (0xE5BD)
[ERROR] /C:/Users/zzh/Desktop/anti/demo/src/main/java/com/litemonitor/module/metrics/entity/MetricsSnapshot.java:[27,11] 编码 UTF-8 的不可映射字符 (0xE7AB)
[ERROR] /C:/Users/zzh/Desktop/anti/demo/src/main/java/com/litemonitor/module/metrics/entity/MetricsSnapshot.java:[30,11] 编码 UTF-8 的不可映射字符 (0xE590)
[ERROR] /C:/Users/zzh/Desktop/anti/demo/src/main/java/com/litemonitor/module/metrics/entity/MetricsSnapshot.java:[48,15] 编码 UTF-8 的不可映射字符 (0xE78E)
[ERROR] /C:/Users/zzh/Desktop/anti/demo/src/main/java/com/litemonitor/module/metrics/entity/MetricsSnapshot.java:[48,18] 编码 UTF-8 的不可映射字符 (0xE5A6)
[ERROR] /C:/Users/zzh/Desktop/anti/demo/src/main/java/com/litemonitor/module/metrics/entity/MetricsSnapshot.java:[51,15] 编码 UTF-8 的不可映射字符 (0xE695)
[ERROR] /C:/Users/zzh/Desktop/anti/demo/src/main/java/com/litemonitor/module/metrics/entity/MetricsSnapshot.java:[81,13] 编码 UTF-8 的不可映射字符 (0xE987)
[ERROR] /C:/Users/zzh/Desktop/anti/demo/src/main/java/com/litemonitor/module/metrics/entity/MetricsSnapshot.java:[90,21] 编码 UTF-8 的不可映射字符 (0xE4B8)
[ERROR] /C:/Users/zzh/Desktop/anti/demo/src/main/java/com/litemonitor/module/metrics/entity/MetricsSnapshot.java:[93,19] 编码 UTF-8 的不可映射字符 (0xE688)
[ERROR] /C:/Users/zzh/Desktop/anti/demo/src/main/java/com/litemonitor/module/metrics/entity/MetricsSnapshot.java:[99,21] 编码 UTF-8 的不可映射字符 (0xE4BA)
[ERROR] /C:/Users/zzh/Desktop/anti/demo/src/main/java/com/litemonitor/module/metrics/entity/MetricsSnapshot.java:[99,35] 编码 UTF-8 的不可映射字符 (0xE59B)
[ERROR] /C:/Users/zzh/Desktop/anti/demo/src/main/java/com/litemonitor/engine/model/LogContext.java:[9,8] 编码 UTF-8 的不可映射字符 (0xE696)
[ERROR] /C:/Users/zzh/Desktop/anti/demo/src/main/java/com/litemonitor/engine/model/LogContext.java:[9,10] 编码 UTF-8 的不可映射字符 (0xE280)
[ERROR] /C:/Users/zzh/Desktop/anti/demo/src/main/java/com/litemonitor/engine/model/LogContext.java:[16,13] 编码 UTF-8 的不可映射字符 (0xE7AB)
[ERROR] /C:/Users/zzh/Desktop/anti/demo/src/main/java/com/litemonitor/engine/model/LogContext.java:[24,19] 编码 UTF-8 的不可映射字符 (0xE688)
[ERROR] /C:/Users/zzh/Desktop/anti/demo/src/main/java/com/litemonitor/module/loghit/controller/LogHitController.java:[28,26] 编码 UTF-8 的不可映射字符 (0xE68C)
[ERROR] /C:/Users/zzh/Desktop/anti/demo/src/main/java/com/litemonitor/module/loghit/controller/LogHitController.java:[29,30] 编码 UTF-8 的不可映射字符 (0xE6BB)
[ERROR] /C:/Users/zzh/Desktop/anti/demo/src/main/java/com/litemonitor/module/loghit/controller/LogHitController.java:[30,41] 编码 UTF-8 的不可映射字符 (0xE5A4)
[ERROR] /C:/Users/zzh/Desktop/anti/demo/src/main/java/com/litemonitor/module/loghit/controller/LogHitController.java:[47,38] 编码 UTF-8 的不可映射字符 (0xE59C)
[ERROR] /C:/Users/zzh/Desktop/anti/demo/src/main/java/com/litemonitor/common/enums/HealthStatus.java:[4,12] 编码 UTF-8 的不可映射字符 (0xE4B8)
[ERROR] /C:/Users/zzh/Desktop/anti/demo/src/main/java/com/litemonitor/websocket/protocol/MessageDispatcher.java:[22,8] 编码 UTF-8 的不可映射字符 (0xE599)
[ERROR] /C:/Users/zzh/Desktop/anti/demo/src/main/java/com/litemonitor/websocket/protocol/MessageDispatcher.java:[22,10] 编码 UTF-8 的不可映射字符 (0xE280)
[ERROR] /C:/Users/zzh/Desktop/anti/demo/src/main/java/com/litemonitor/websocket/protocol/MessageDispatcher.java:[95,23] 编码 UTF-8 的不可映射字符 (0xE785)
[ERROR] /C:/Users/zzh/Desktop/anti/demo/src/main/java/com/litemonitor/websocket/protocol/MessageDispatcher.java:[98,37] 编码 UTF-8 的不可映射字符 (0xE4BC)
[ERROR] /C:/Users/zzh/Desktop/anti/demo/src/main/java/com/litemonitor/websocket/protocol/MessageDispatcher.java:[105,36] 编码 UTF-8 的不可映射字符 (0xE696)
[ERROR] /C:/Users/zzh/Desktop/anti/demo/src/main/java/com/litemonitor/websocket/protocol/MessageDispatcher.java:[116,23] 编码 UTF-8 的不可映射字符 (0xE5A6)
[ERROR] /C:/Users/zzh/Desktop/anti/demo/src/main/java/com/litemonitor/websocket/protocol/MessageDispatcher.java:[116,31] 编码 UTF-8 的不可映射字符 (0xE4B8)
[ERROR] /C:/Users/zzh/Desktop/anti/demo/src/main/java/com/litemonitor/websocket/protocol/MessageDispatcher.java:[131,21] 编码 UTF-8 的不可映射字符 (0xE696)
[ERROR] /C:/Users/zzh/Desktop/anti/demo/src/main/java/com/litemonitor/websocket/protocol/MessageDispatcher.java:[140,19] 编码 UTF-8 的不可映射字符 (0xE993)
[ERROR] /C:/Users/zzh/Desktop/anti/demo/src/main/java/com/litemonitor/websocket/protocol/MessageDispatcher.java:[143,21] 编码 UTF-8 的不可映射字符 (0xE588)
[ERROR] /C:/Users/zzh/Desktop/anti/demo/src/main/java/com/litemonitor/websocket/protocol/MessageDispatcher.java:[143,32] 编码 UTF-8 的不可映射字符 (0xEFBC)
[ERROR] /C:/Users/zzh/Desktop/anti/demo/src/main/java/com/litemonitor/websocket/protocol/MessageDispatcher.java:[146,22] 编码 UTF-8 的不可映射字符 (0xE5BA)
[ERROR] /C:/Users/zzh/Desktop/anti/demo/src/main/java/com/litemonitor/websocket/protocol/MessageDispatcher.java:[162,8] 编码 UTF-8 的不可映射字符 (0xE590)
[ERROR] /C:/Users/zzh/Desktop/anti/demo/src/main/java/com/litemonitor/module/metrics/entity/DiskPartition.java:[12,10] 编码 UTF-8 的不可映射字符 (0xE4BD)
[ERROR] /C:/Users/zzh/Desktop/anti/demo/src/main/java/com/litemonitor/module/metrics/entity/DiskPartition.java:[26,11] 编码 UTF-8 的不可映射字符 (0xE782)
[ERROR] /C:/Users/zzh/Desktop/anti/demo/src/main/java/com/litemonitor/module/metrics/entity/DiskPartition.java:[29,13] 编码 UTF-8 的不可映射字符 (0xE987)
[ERROR] /C:/Users/zzh/Desktop/anti/demo/src/main/java/com/litemonitor/engine/filter/CriticalRuleFilter.java:[11,7] 编码 UTF-8 的不可映射字符 (0xE286)
[ERROR] /C:/Users/zzh/Desktop/anti/demo/src/main/java/com/litemonitor/engine/filter/CriticalRuleFilter.java:[11,21] 编码 UTF-8 的不可映射字符 (0xE8AD)
[ERROR] /C:/Users/zzh/Desktop/anti/demo/src/main/java/com/litemonitor/engine/filter/CriticalRuleFilter.java:[11,25] 编码 UTF-8 的不可映射字符 (0xEFBC)
[ERROR] /C:/Users/zzh/Desktop/anti/demo/src/main/java/com/litemonitor/engine/filter/CriticalRuleFilter.java:[28,43] 编码 UTF-8 的不可映射字符 (0xE588)
[ERROR] /C:/Users/zzh/Desktop/anti/demo/src/main/java/com/litemonitor/module/rule/controller/FilterRuleController.java:[23,14] 编码 UTF-8 的不可映射字符 (0xE588)
[ERROR] /C:/Users/zzh/Desktop/anti/demo/src/main/java/com/litemonitor/module/rule/controller/FilterRuleController.java:[57,17] 编码 UTF-8 的不可映射字符 (0xE5BB)
[ERROR] /C:/Users/zzh/Desktop/anti/demo/src/main/java/com/litemonitor/module/rule/controller/FilterRuleController.java:[61,38] 编码 UTF-8 的不可映射字符 (0xE688)
[ERROR] /C:/Users/zzh/Desktop/anti/demo/src/main/java/com/litemonitor/common/enums/LogLevel.java:[7,13] 编码 UTF-8 的不可映射字符 (0xE4B8)
[ERROR] /C:/Users/zzh/Desktop/anti/demo/src/main/java/com/litemonitor/common/enums/LogLevel.java:[7,15] 编码 UTF-8 的不可映射字符 (0xE280)
[ERROR] /C:/Users/zzh/Desktop/anti/demo/src/main/java/com/litemonitor/common/enums/LogLevel.java:[9,16] 编码 UTF-8 的不可映射字符 (0xE280)
[ERROR] /C:/Users/zzh/Desktop/anti/demo/src/main/java/com/litemonitor/common/enums/LogLevel.java:[11,16] 编码 UTF-8 的不可映射字符 (0xE280)
[ERROR] /C:/Users/zzh/Desktop/anti/demo/src/main/java/com/litemonitor/common/enums/LogLevel.java:[13,13] 编码 UTF-8 的不可映射字符 (0xE4B8)
[ERROR] /C:/Users/zzh/Desktop/anti/demo/src/main/java/com/litemonitor/common/enums/LogLevel.java:[13,15] 编码 UTF-8 的不可映射字符 (0xE280)
[ERROR] /C:/Users/zzh/Desktop/anti/demo/src/main/java/com/litemonitor/common/enums/LogLevel.java:[13,20] 编码 UTF-8 的不可映射字符 (0xE5BF)
[ERROR] /C:/Users/zzh/Desktop/anti/demo/src/main/java/com/litemonitor/engine/filter/LogFilterChain.java:[11,11] 编码 UTF-8 的不可映射字符 (0xE280)
[ERROR] /C:/Users/zzh/Desktop/anti/demo/src/main/java/com/litemonitor/engine/filter/LogFilterChain.java:[11,13] 编码 UTF-8 的不可映射字符 (0xE68C)
[ERROR] /C:/Users/zzh/Desktop/anti/demo/src/main/java/com/litemonitor/engine/filter/LogFilterChain.java:[11,27] 编码 UTF-8 的不可映射字符 (0xE8A1)
[ERROR] /C:/Users/zzh/Desktop/anti/demo/src/main/java/com/litemonitor/engine/filter/LogFilterChain.java:[13,8] 编码 UTF-8 的不可映射字符 (0xE79A)
[ERROR] /C:/Users/zzh/Desktop/anti/demo/src/main/java/com/litemonitor/engine/filter/LogFilterChain.java:[13,39] 编码 UTF-8 的不可映射字符 (0xE380)
[ERROR] /C:/Users/zzh/Desktop/anti/demo/src/main/java/com/litemonitor/module/loghit/service/LogHitService.java:[29,54] 编码 UTF-8 的不可映射字符 (0xE592)
[ERROR] /C:/Users/zzh/Desktop/anti/demo/src/main/java/com/litemonitor/module/loghit/service/LogHitService.java:[55,39] 编码 UTF-8 的不可映射字符 (0xE5BA)
[ERROR] /C:/Users/zzh/Desktop/anti/demo/src/main/java/com/litemonitor/module/loghit/service/LogHitService.java:[63,16] 编码 UTF-8 的不可映射字符 (0xE68C)
[ERROR] /C:/Users/zzh/Desktop/anti/demo/src/main/java/com/litemonitor/module/loghit/service/LogHitService.java:[63,34] 编码 UTF-8 的不可映射字符 (0xEFBC)
[ERROR] /C:/Users/zzh/Desktop/anti/demo/src/main/java/com/litemonitor/module/loghit/service/LogHitService.java:[87,16] 编码 UTF-8 的不可映射字符 (0xE987)
[ERROR] /C:/Users/zzh/Desktop/anti/demo/src/main/java/com/litemonitor/common/enums/CommandAction.java:[4,11] 编码 UTF-8 的不可映射字符 (0xE286)
[ERROR] /C:/Users/zzh/Desktop/anti/demo/src/main/java/com/litemonitor/common/enums/CommandAction.java:[19,18] 编码 UTF-8 的不可映射字符 (0xE4BB)
[ERROR] /C:/Users/zzh/Desktop/anti/demo/src/main/java/com/litemonitor/config/EngineConfig.java:[81,46] 编码 UTF-8 的不可映射字符 (0xE8BF)
[ERROR] /C:/Users/zzh/Desktop/anti/demo/src/main/java/com/litemonitor/module/alert/service/AlertRuleService.java:[24,10] 编码 UTF-8 的不可映射字符 (0xE69F)
[ERROR] /C:/Users/zzh/Desktop/anti/demo/src/main/java/com/litemonitor/module/alert/service/AlertRuleService.java:[24,31] 编码 UTF-8 的不可映射字符 (0xEFBC)
[ERROR] /C:/Users/zzh/Desktop/anti/demo/src/main/java/com/litemonitor/module/alert/service/AlertRuleService.java:[44,10] 编码 UTF-8 的不可映射字符 (0xE69F)
[ERROR] /C:/Users/zzh/Desktop/anti/demo/src/main/java/com/litemonitor/module/alert/service/AlertRuleService.java:[44,28] 编码 UTF-8 的不可映射字符 (0xEFBC)
[ERROR] /C:/Users/zzh/Desktop/anti/demo/src/main/java/com/litemonitor/engine/filter/BasicFeatureFilter.java:[9,14] 编码 UTF-8 的不可映射字符 (0xE599)
[ERROR] /C:/Users/zzh/Desktop/anti/demo/src/main/java/com/litemonitor/engine/filter/BasicFeatureFilter.java:[11,36] 编码 UTF-8 的不可映射字符 (0xE380)
[ERROR] /C:/Users/zzh/Desktop/anti/demo/src/main/java/com/litemonitor/engine/filter/BasicFeatureFilter.java:[12,7] 编码 UTF-8 的不可映射字符 (0xE286)
[ERROR] /C:/Users/zzh/Desktop/anti/demo/src/main/java/com/litemonitor/engine/filter/BasicFeatureFilter.java:[12,34] 编码 UTF-8 的不可映射字符 (0xE8AD)
[ERROR] /C:/Users/zzh/Desktop/anti/demo/src/main/java/com/litemonitor/engine/filter/BasicFeatureFilter.java:[12,38] 编码 UTF-8 的不可映射字符 (0xEFBC)
[ERROR] /C:/Users/zzh/Desktop/anti/demo/src/main/java/com/litemonitor/common/exception/GlobalExceptionHandler.java:[9,10] 编码 UTF-8 的不可映射字符 (0xE599)
[ERROR] /C:/Users/zzh/Desktop/anti/demo/src/main/java/com/litemonitor/common/exception/GlobalExceptionHandler.java:[10,33] 编码 UTF-8 的不可映射字符 (0xE79A)
[ERROR] /C:/Users/zzh/Desktop/anti/demo/src/main/java/com/litemonitor/common/exception/GlobalExceptionHandler.java:[10,49] 编码 UTF-8 的不可映射字符 (0xE380)
[ERROR] /C:/Users/zzh/Desktop/anti/demo/src/main/java/com/litemonitor/common/exception/GlobalExceptionHandler.java:[21,30] 编码 UTF-8 的不可映射字符 (0xE5B8)
[ERROR] /C:/Users/zzh/Desktop/anti/demo/src/main/java/com/litemonitor/module/command/controller/RemoteCommandController.java:[25,17] 编码 UTF-8 的不可映射字符 (0xEFBC)
[ERROR] /C:/Users/zzh/Desktop/anti/demo/src/main/java/com/litemonitor/module/command/controller/RemoteCommandController.java:[26,20] 编码 UTF-8 的不可映射字符 (0xE588)
[ERROR] /C:/Users/zzh/Desktop/anti/demo/src/main/java/com/litemonitor/module/command/controller/RemoteCommandController.java:[43,16] 编码 UTF-8 的不可映射字符 (0xE980)
[ERROR] /C:/Users/zzh/Desktop/anti/demo/src/main/java/com/litemonitor/module/command/controller/RemoteCommandController.java:[43,28] 编码 UTF-8 的不可映射字符 (0xEFBC)
[ERROR] /C:/Users/zzh/Desktop/anti/demo/src/main/java/com/litemonitor/module/command/controller/RemoteCommandController.java:[57,40] 编码 UTF-8 的不可映射字符 (0xE59C)
[ERROR] /C:/Users/zzh/Desktop/anti/demo/src/main/java/com/litemonitor/module/rule/service/FilterRuleService.java:[16,17] 编码 UTF-8 的不可映射字符 (0xE280)
[ERROR] /C:/Users/zzh/Desktop/anti/demo/src/main/java/com/litemonitor/module/rule/service/FilterRuleService.java:[16,30] 编码 UTF-8 的不可映射字符 (0xE8BD)
[ERROR] /C:/Users/zzh/Desktop/anti/demo/src/main/java/com/litemonitor/module/rule/service/FilterRuleService.java:[18,12] 编码 UTF-8 的不可映射字符 (0xE58F)
[ERROR] /C:/Users/zzh/Desktop/anti/demo/src/main/java/com/litemonitor/module/rule/service/FilterRuleService.java:[18,19] 编码 UTF-8 的不可映射字符 (0xE69C)
[ERROR] /C:/Users/zzh/Desktop/anti/demo/src/main/java/com/litemonitor/module/rule/service/FilterRuleService.java:[18,30] 编码 UTF-8 的不可映射字符 (0xE380)
[ERROR] /C:/Users/zzh/Desktop/anti/demo/src/main/java/com/litemonitor/module/rule/service/FilterRuleService.java:[26,8] 编码 UTF-8 的不可映射字符 (0xE794)
[ERROR] /C:/Users/zzh/Desktop/anti/demo/src/main/java/com/litemonitor/module/rule/service/FilterRuleService.java:[26,30] 编码 UTF-8 的不可映射字符 (0xE794)
[ERROR] /C:/Users/zzh/Desktop/anti/demo/src/main/java/com/litemonitor/module/rule/service/FilterRuleService.java:[50,13] 编码 UTF-8 的不可映射字符 (0xE588)
[ERROR] /C:/Users/zzh/Desktop/anti/demo/src/main/java/com/litemonitor/module/rule/service/FilterRuleService.java:[97,16] 编码 UTF-8 的不可映射字符 (0xE280)
[ERROR] /C:/Users/zzh/Desktop/anti/demo/src/main/java/com/litemonitor/module/rule/service/FilterRuleService.java:[97,24] 编码 UTF-8 的不可映射字符 (0xE794)
[ERROR] /C:/Users/zzh/Desktop/anti/demo/src/main/java/com/litemonitor/module/rule/service/FilterRuleService.java:[101,20] 编码 UTF-8 的不可映射字符 (0xE6B3)
[ERROR] /C:/Users/zzh/Desktop/anti/demo/src/main/java/com/litemonitor/module/rule/service/FilterRuleService.java:[101,27] 编码 UTF-8 的不可映射字符 (0xE69C)
[ERROR] /C:/Users/zzh/Desktop/anti/demo/src/main/java/com/litemonitor/module/rule/service/FilterRuleService.java:[110,26] 编码 UTF-8 的不可映射字符 (0xE69C)
[ERROR] /C:/Users/zzh/Desktop/anti/demo/src/main/java/com/litemonitor/module/rule/service/FilterRuleService.java:[119,28] 编码 UTF-8 的不可映射字符 (0xE69C)
[ERROR] /C:/Users/zzh/Desktop/anti/demo/src/main/java/com/litemonitor/module/rule/service/FilterRuleService.java:[138,43] 编码 UTF-8 的不可映射字符 (0xE688)
[ERROR] /C:/Users/zzh/Desktop/anti/demo/src/main/java/com/litemonitor/module/rule/service/FilterRuleService.java:[140,44] 编码 UTF-8 的不可映射字符 (0xE8B4)
[ERROR] /C:/Users/zzh/Desktop/anti/demo/src/main/java/com/litemonitor/module/metrics/entity/ProcessStatus.java:[29,10] 编码 UTF-8 的不可映射字符 (0xE680)
[ERROR] /C:/Users/zzh/Desktop/anti/demo/src/main/java/com/litemonitor/engine/filter/CriticalRuleFilter.java:[28,38] 未结束的字符串文字
[ERROR] /C:/Users/zzh/Desktop/anti/demo/src/main/java/com/litemonitor/module/rule/controller/FilterRuleController.java:[61,31] 未结束的字符串文字
[ERROR] /C:/Users/zzh/Desktop/anti/demo/src/main/java/com/litemonitor/module/rule/service/FilterRuleService.java:[138,22] 未结束的字符串文字
[ERROR] /C:/Users/zzh/Desktop/anti/demo/src/main/java/com/litemonitor/module/rule/service/FilterRuleService.java:[140,23] 未结束的字符串文字
[ERROR] /C:/Users/zzh/Desktop/anti/demo/src/main/java/com/litemonitor/websocket/handler/AgentWebSocketHandler.java:[67,22] 未结束的字符串文字
[ERROR] /C:/Users/zzh/Desktop/anti/demo/src/main/java/com/litemonitor/websocket/handler/AgentWebSocketHandler.java:[80,22] 未结束的字符串文字
[ERROR] /C:/Users/zzh/Desktop/anti/demo/src/main/java/com/litemonitor/module/command/service/RemoteCommandService.java:[95,32] 未结束的字符串文字
[ERROR] /C:/Users/zzh/Desktop/anti/demo/src/main/java/com/litemonitor/monitor/alert/AlertService.java:[46,64] 未结束的字符串文字
[ERROR] /C:/Users/zzh/Desktop/anti/demo/src/main/java/com/litemonitor/monitor/alert/AlertService.java:[298,27] 未结束的字符串文字
[ERROR] /C:/Users/zzh/Desktop/anti/demo/src/main/java/com/litemonitor/monitor/health/HealthEvaluator.java:[91,29] 未结束的字符串文字
[ERROR] /C:/Users/zzh/Desktop/anti/demo/src/main/java/com/litemonitor/monitor/health/HealthEvaluator.java:[113,29] 未结束的字符串文字
[ERROR] -> [Help 1]
[ERROR] 
[ERROR] To see the full stack trace of the errors, re-run Maven with the -e switch.
[ERROR] Re-run Maven using the -X switch to enable full debug logging.
[ERROR] 
[ERROR] For more information about the errors and possible solutions, please read the following articles:
[ERROR] [Help 1] http://cwiki.apache.org/confluence/display/MAVEN/MojoFailureException
